Sat Jun  6 14:03:26 CST 2026 - Login success
2026-06-06 14:10:28 - 管理员认证成功登录
2026-06-06 14:10:43 - 执行安全与用户活动监控
2026-06-06 15:32:33 - 管理员认证成功登录
2026-06-06 15:39:59 - 执行安全与用户活动监控
2026-06-06 15:40:08 - 执行磁盘智能自愈清理
2026-06-06 15:40:14,CPU:1.2%,MEM:7.63711%,DISK:1%
2026-06-06 15:40:14 - 执行多维智能一键巡检与诊断
2026-06-06 15:40:31 - 执行登录会话活动审计
2026-06-06 15:58:24 - 登录认证成功
2026-06-06 15:58:55,CPU:0.6%,MEM:7.66274%,DISK:1%
2026-06-06 15:58:55 - 一键巡检执行成功
2026-06-06 15:59:05 - 执行磁盘清理自愈
2026-06-06 16:02:39 - 登录认证成功
2026-06-06 16:02:47,CPU:0%,MEM:7.68836%,DISK:1%
2026-06-06 16:02:47 - 一键巡检执行成功
2026-06-06 16:02:56 - 执行磁盘清理自愈
2026-06-06 16:08:13 - 安全审计警告: 非法账户 [a] 尝试越权登录被实时拦截
2026-06-06 16:08:35 - 管理员 [admin] 成功登录系统安全控制台
2026-06-06 16:08:48 - 执行多进程性能指标采集
2026-06-06 16:08:53 - 执行高级日志审计特征清洗
2026-06-06 16:08:59 - 执行磁盘清理自愈
2026-06-06 16:15:41 - 管理员 [admin] 成功登录系统安全控制台
2026-06-06 16:16:00 - 执行多进程性能指标采集
2026-06-06 17:16:36 - 管理员 [admin] 成功登录系统安全控制台
2026-06-06 18:11:58 - 管理员 [admin] 成功登录系统安全控制台
2026-06-06 18:12:25 - 执行多进程性能指标采集
2026-06-06 18:12:37 - 执行高级日志审计特征清洗
2026-06-06 18:12:48 - 执行磁盘清理自愈
[0;31m[2026-06-06 19:26:25] [ERROR] 无法获取磁盘使用率[0m
[2026-06-06 19:26:25] [INFO] 服务 sshd 正常
[2026-06-06 19:26:25] [INFO] 服务 cron 正常
[2026-06-06 19:26:25] [INFO] 服务 sshd 正常
[1;33m[2026-06-06 19:26:25] [WARN] 服务 nginx 异常[0m
[2026-06-06 19:26:25] [INFO] 进程 sshd 存在
[2026-06-06 19:26:25] [INFO] 进程 sshd 存在
[2026-06-06 19:26:25] [INFO] 进程 nginx 存在
[1;33m[2026-06-06 19:26:25] [WARN] 检测到 OOM 事件: 2 次[0m
