[2026-06-06 22:55:22] [INFO] --- 巡逻轮次 #1 ---
[2026-06-06 22:55:22] [INFO] 自动巡逻开始...
[2026-06-06 22:55:22] [INFO] CPU使用率: 正常
[2026-06-06 22:55:22] [INFO] 内存使用率: 正常
[2026-06-06 22:55:22] [INFO] 磁盘使用率: 正常
[1;33m[2026-06-06 22:55:22] [WARN] 进程 sshd 缺失[0m
[1;33m[2026-06-06 22:55:22] [WARN] 进程 cron 缺失[0m
[1;33m[2026-06-06 22:55:22] [WARN] 关键服务: 异常[0m
[1;33m[2026-06-06 22:55:22] [WARN] 进程 sshd 缺失[0m
[1;33m[2026-06-06 22:55:22] [WARN] 关键进程: 异常[0m
[2026-06-06 22:55:22] [INFO] 日志异常: 正常
[2026-06-06 22:55:22] [INFO] 巡逻报告已生成: ./reports/patrol_20260606_225522.md
[0;31m⚠ [22:55:22] 巡逻轮次 #1: 发现异常项！[0m
[2026-06-06 22:58:32] [INFO] --- 巡逻轮次 #1 ---
[2026-06-06 22:58:32] [INFO] 自动巡逻开始...
[2026-06-06 22:58:32] [INFO] CPU使用率: 正常
[2026-06-06 22:58:32] [INFO] 内存使用率: 正常
[2026-06-06 22:58:32] [INFO] 磁盘使用率: 正常
[1;33m[2026-06-06 22:58:32] [WARN] 进程 sshd 缺失[0m
[1;33m[2026-06-06 22:58:32] [WARN] 进程 cron 缺失[0m
[1;33m[2026-06-06 22:58:32] [WARN] 关键服务: 异常[0m
[1;33m[2026-06-06 22:58:32] [WARN] 进程 sshd 缺失[0m
[1;33m[2026-06-06 22:58:32] [WARN] 关键进程: 异常[0m
[2026-06-06 22:58:32] [INFO] 日志异常: 正常
[2026-06-06 22:58:32] [INFO] 巡逻报告已生成: ./reports/patrol_20260606_225832.md
[0;31m⚠ [22:58:32] 巡逻轮次 #1: 发现异常项！[0m
[2026-06-06 22:59:25] [INFO] --- 巡逻轮次 #1 ---
[2026-06-06 22:59:25] [INFO] 自动巡逻开始...
[2026-06-06 22:59:25] [INFO] CPU使用率: 正常
[2026-06-06 22:59:25] [INFO] 内存使用率: 正常
[2026-06-06 22:59:25] [INFO] 磁盘使用率: 正常
[1;33m[2026-06-06 22:59:25] [WARN] 进程 sshd 缺失[0m
[1;33m[2026-06-06 22:59:25] [WARN] 进程 cron 缺失[0m
[1;33m[2026-06-06 22:59:25] [WARN] 关键服务: 异常[0m
[1;33m[2026-06-06 22:59:25] [WARN] 进程 sshd 缺失[0m
[1;33m[2026-06-06 22:59:25] [WARN] 关键进程: 异常[0m
[2026-06-06 22:59:25] [INFO] 日志异常: 正常
[2026-06-06 22:59:25] [INFO] 巡逻报告已生成: ./reports/patrol_20260606_225925.md
[0;31m⚠ [22:59:25] 巡逻轮次 #1: 发现异常项！[0m
[2026-06-06 23:04:25] [INFO] --- 巡逻轮次 #2 ---
[2026-06-06 23:04:25] [INFO] 自动巡逻开始...
[2026-06-06 23:04:26] [INFO] CPU使用率: 正常
[2026-06-06 23:04:26] [INFO] 内存使用率: 正常
[2026-06-06 23:04:26] [INFO] 磁盘使用率: 正常
[1;33m[2026-06-06 23:04:26] [WARN] 进程 sshd 缺失[0m
[1;33m[2026-06-06 23:04:26] [WARN] 进程 cron 缺失[0m
[1;33m[2026-06-06 23:04:26] [WARN] 关键服务: 异常[0m
[1;33m[2026-06-06 23:04:26] [WARN] 进程 sshd 缺失[0m
[1;33m[2026-06-06 23:04:26] [WARN] 关键进程: 异常[0m
[2026-06-06 23:04:26] [INFO] 日志异常: 正常
[2026-06-06 23:04:26] [INFO] 巡逻报告已生成: ./reports/patrol_20260606_230425.md
[0;31m⚠ [23:04:26] 巡逻轮次 #2: 发现异常项！[0m
[2026-06-06 23:09:26] [INFO] --- 巡逻轮次 #3 ---
[2026-06-06 23:09:26] [INFO] 自动巡逻开始...
[2026-06-06 23:09:26] [INFO] CPU使用率: 正常
[2026-06-06 23:09:26] [INFO] 内存使用率: 正常
[2026-06-06 23:09:26] [INFO] 磁盘使用率: 正常
[1;33m[2026-06-06 23:09:26] [WARN] 进程 sshd 缺失[0m
[1;33m[2026-06-06 23:09:26] [WARN] 进程 cron 缺失[0m
[1;33m[2026-06-06 23:09:26] [WARN] 关键服务: 异常[0m
[1;33m[2026-06-06 23:09:26] [WARN] 进程 sshd 缺失[0m
[1;33m[2026-06-06 23:09:26] [WARN] 关键进程: 异常[0m
[2026-06-06 23:09:26] [INFO] 日志异常: 正常
[2026-06-06 23:09:26] [INFO] 巡逻报告已生成: ./reports/patrol_20260606_230926.md
[0;31m⚠ [23:09:26] 巡逻轮次 #3: 发现异常项！[0m
[2026-06-06 23:14:26] [INFO] --- 巡逻轮次 #4 ---
[2026-06-06 23:14:26] [INFO] 自动巡逻开始...
[2026-06-06 23:14:26] [INFO] CPU使用率: 正常
[2026-06-06 23:14:26] [INFO] 内存使用率: 正常
[2026-06-06 23:14:26] [INFO] 磁盘使用率: 正常
[1;33m[2026-06-06 23:14:26] [WARN] 进程 sshd 缺失[0m
[1;33m[2026-06-06 23:14:26] [WARN] 进程 cron 缺失[0m
[1;33m[2026-06-06 23:14:26] [WARN] 关键服务: 异常[0m
[1;33m[2026-06-06 23:14:26] [WARN] 进程 sshd 缺失[0m
[1;33m[2026-06-06 23:14:26] [WARN] 关键进程: 异常[0m
[2026-06-06 23:14:26] [INFO] 日志异常: 正常
[2026-06-06 23:14:26] [INFO] 巡逻报告已生成: ./reports/patrol_20260606_231426.md
[0;31m⚠ [23:14:26] 巡逻轮次 #4: 发现异常项！[0m
[2026-06-06 23:19:26] [INFO] --- 巡逻轮次 #5 ---
[2026-06-06 23:19:26] [INFO] 自动巡逻开始...
[2026-06-06 23:19:26] [INFO] CPU使用率: 正常
[2026-06-06 23:19:26] [INFO] 内存使用率: 正常
[2026-06-06 23:19:26] [INFO] 磁盘使用率: 正常
[1;33m[2026-06-06 23:19:26] [WARN] 进程 sshd 缺失[0m
[1;33m[2026-06-06 23:19:26] [WARN] 进程 cron 缺失[0m
[1;33m[2026-06-06 23:19:26] [WARN] 关键服务: 异常[0m
[1;33m[2026-06-06 23:19:26] [WARN] 进程 sshd 缺失[0m
[1;33m[2026-06-06 23:19:26] [WARN] 关键进程: 异常[0m
[2026-06-06 23:19:26] [INFO] 日志异常: 正常
[2026-06-06 23:19:26] [INFO] 巡逻报告已生成: ./reports/patrol_20260606_231926.md
[0;31m⚠ [23:19:26] 巡逻轮次 #5: 发现异常项！[0m
[2026-06-06 23:21:00] [INFO] --- 巡逻轮次 #1 ---
[2026-06-06 23:21:00] [INFO] 自动巡逻开始...
[2026-06-06 23:21:00] [INFO] CPU使用率: 正常
[2026-06-06 23:21:00] [INFO] 内存使用率: 正常
[2026-06-06 23:21:00] [INFO] 磁盘使用率: 正常
[1;33m[2026-06-06 23:21:00] [WARN] 进程 sshd 缺失[0m
[1;33m[2026-06-06 23:21:00] [WARN] 进程 cron 缺失[0m
[1;33m[2026-06-06 23:21:00] [WARN] 关键服务: 异常[0m
[1;33m[2026-06-06 23:21:00] [WARN] 进程 sshd 缺失[0m
[1;33m[2026-06-06 23:21:00] [WARN] 关键进程: 异常[0m
[2026-06-06 23:21:00] [INFO] 日志异常: 正常
[2026-06-06 23:21:00] [INFO] 巡逻报告已生成: ./reports/patrol_20260606_232100.md
[0;31m⚠ [23:21:00] 巡逻轮次 #1: 发现异常项！[0m
[2026-06-06 23:21:14] [INFO] --- 巡逻轮次 #1 ---
[2026-06-06 23:21:14] [INFO] 自动巡逻开始...
[2026-06-06 23:21:14] [INFO] CPU使用率: 正常
[2026-06-06 23:21:14] [INFO] 内存使用率: 正常
[2026-06-06 23:21:14] [INFO] 磁盘使用率: 正常
[1;33m[2026-06-06 23:21:14] [WARN] 进程 sshd 缺失[0m
[1;33m[2026-06-06 23:21:14] [WARN] 进程 cron 缺失[0m
[1;33m[2026-06-06 23:21:14] [WARN] 关键服务: 异常[0m
[1;33m[2026-06-06 23:21:14] [WARN] 进程 sshd 缺失[0m
[1;33m[2026-06-06 23:21:14] [WARN] 关键进程: 异常[0m
[2026-06-06 23:21:14] [INFO] 日志异常: 正常
[2026-06-06 23:21:14] [INFO] 巡逻报告已生成: ./reports/patrol_20260606_232114.md
[0;31m⚠ [23:21:14] 巡逻轮次 #1: 发现异常项！[0m
[2026-06-06 23:26:14] [INFO] --- 巡逻轮次 #2 ---
[2026-06-06 23:26:14] [INFO] 自动巡逻开始...
[2026-06-06 23:26:15] [INFO] CPU使用率: 正常
[2026-06-06 23:26:15] [INFO] 内存使用率: 正常
[2026-06-06 23:26:15] [INFO] 磁盘使用率: 正常
[1;33m[2026-06-06 23:26:15] [WARN] 进程 sshd 缺失[0m
[1;33m[2026-06-06 23:26:15] [WARN] 进程 cron 缺失[0m
[1;33m[2026-06-06 23:26:15] [WARN] 关键服务: 异常[0m
[1;33m[2026-06-06 23:26:15] [WARN] 进程 sshd 缺失[0m
[1;33m[2026-06-06 23:26:15] [WARN] 关键进程: 异常[0m
[2026-06-06 23:26:15] [INFO] 日志异常: 正常
[2026-06-06 23:26:15] [INFO] 巡逻报告已生成: ./reports/patrol_20260606_232614.md
[0;31m⚠ [23:26:15] 巡逻轮次 #2: 发现异常项！[0m
[2026-06-06 23:31:15] [INFO] --- 巡逻轮次 #3 ---
[2026-06-06 23:31:15] [INFO] 自动巡逻开始...
[2026-06-06 23:31:15] [INFO] CPU使用率: 正常
[2026-06-06 23:31:15] [INFO] 内存使用率: 正常
[2026-06-06 23:31:15] [INFO] 磁盘使用率: 正常
[1;33m[2026-06-06 23:31:15] [WARN] 进程 sshd 缺失[0m
[1;33m[2026-06-06 23:31:15] [WARN] 进程 cron 缺失[0m
[1;33m[2026-06-06 23:31:15] [WARN] 关键服务: 异常[0m
[1;33m[2026-06-06 23:31:15] [WARN] 进程 sshd 缺失[0m
[1;33m[2026-06-06 23:31:15] [WARN] 关键进程: 异常[0m
[2026-06-06 23:31:15] [INFO] 日志异常: 正常
[2026-06-06 23:31:15] [INFO] 巡逻报告已生成: ./reports/patrol_20260606_233115.md
[0;31m⚠ [23:31:15] 巡逻轮次 #3: 发现异常项！[0m
[2026-06-06 23:36:15] [INFO] --- 巡逻轮次 #4 ---
[2026-06-06 23:36:15] [INFO] 自动巡逻开始...
[2026-06-06 23:36:15] [INFO] CPU使用率: 正常
[2026-06-06 23:36:15] [INFO] 内存使用率: 正常
[2026-06-06 23:36:15] [INFO] 磁盘使用率: 正常
[1;33m[2026-06-06 23:36:15] [WARN] 进程 sshd 缺失[0m
[1;33m[2026-06-06 23:36:15] [WARN] 进程 cron 缺失[0m
[1;33m[2026-06-06 23:36:15] [WARN] 关键服务: 异常[0m
[1;33m[2026-06-06 23:36:15] [WARN] 进程 sshd 缺失[0m
[1;33m[2026-06-06 23:36:15] [WARN] 关键进程: 异常[0m
[2026-06-06 23:36:15] [INFO] 日志异常: 正常
[2026-06-06 23:36:15] [INFO] 巡逻报告已生成: ./reports/patrol_20260606_233615.md
[0;31m⚠ [23:36:15] 巡逻轮次 #4: 发现异常项！[0m
[2026-06-06 23:41:15] [INFO] --- 巡逻轮次 #5 ---
[2026-06-06 23:41:15] [INFO] 自动巡逻开始...
[2026-06-06 23:41:15] [INFO] CPU使用率: 正常
[2026-06-06 23:41:15] [INFO] 内存使用率: 正常
[2026-06-06 23:41:15] [INFO] 磁盘使用率: 正常
[1;33m[2026-06-06 23:41:15] [WARN] 进程 sshd 缺失[0m
[1;33m[2026-06-06 23:41:15] [WARN] 进程 cron 缺失[0m
[1;33m[2026-06-06 23:41:15] [WARN] 关键服务: 异常[0m
[1;33m[2026-06-06 23:41:15] [WARN] 进程 sshd 缺失[0m
[1;33m[2026-06-06 23:41:15] [WARN] 关键进程: 异常[0m
[2026-06-06 23:41:15] [INFO] 日志异常: 正常
[2026-06-06 23:41:15] [INFO] 巡逻报告已生成: ./reports/patrol_20260606_234115.md
[0;31m⚠ [23:41:15] 巡逻轮次 #5: 发现异常项！[0m
[2026-06-06 23:46:15] [INFO] --- 巡逻轮次 #6 ---
[2026-06-06 23:46:15] [INFO] 自动巡逻开始...
[2026-06-06 23:46:15] [INFO] CPU使用率: 正常
[2026-06-06 23:46:15] [INFO] 内存使用率: 正常
[2026-06-06 23:46:15] [INFO] 磁盘使用率: 正常
[1;33m[2026-06-06 23:46:16] [WARN] 进程 sshd 缺失[0m
[1;33m[2026-06-06 23:46:16] [WARN] 进程 cron 缺失[0m
[1;33m[2026-06-06 23:46:16] [WARN] 关键服务: 异常[0m
[1;33m[2026-06-06 23:46:16] [WARN] 进程 sshd 缺失[0m
[1;33m[2026-06-06 23:46:16] [WARN] 关键进程: 异常[0m
[2026-06-06 23:46:16] [INFO] 日志异常: 正常
[2026-06-06 23:46:16] [INFO] 巡逻报告已生成: ./reports/patrol_20260606_234615.md
[0;31m⚠ [23:46:16] 巡逻轮次 #6: 发现异常项！[0m
[2026-06-06 23:51:16] [INFO] --- 巡逻轮次 #7 ---
[2026-06-06 23:51:16] [INFO] 自动巡逻开始...
[2026-06-06 23:51:16] [INFO] CPU使用率: 正常
[2026-06-06 23:51:16] [INFO] 内存使用率: 正常
[2026-06-06 23:51:16] [INFO] 磁盘使用率: 正常
[1;33m[2026-06-06 23:51:16] [WARN] 进程 sshd 缺失[0m
[1;33m[2026-06-06 23:51:16] [WARN] 进程 cron 缺失[0m
[1;33m[2026-06-06 23:51:16] [WARN] 关键服务: 异常[0m
[1;33m[2026-06-06 23:51:16] [WARN] 进程 sshd 缺失[0m
[1;33m[2026-06-06 23:51:16] [WARN] 关键进程: 异常[0m
[2026-06-06 23:51:16] [INFO] 日志异常: 正常
[2026-06-06 23:51:16] [INFO] 巡逻报告已生成: ./reports/patrol_20260606_235116.md
[0;31m⚠ [23:51:16] 巡逻轮次 #7: 发现异常项！[0m
[2026-06-06 23:56:16] [INFO] --- 巡逻轮次 #8 ---
[2026-06-06 23:56:16] [INFO] 自动巡逻开始...
[2026-06-06 23:56:16] [INFO] CPU使用率: 正常
[2026-06-06 23:56:16] [INFO] 内存使用率: 正常
[2026-06-06 23:56:16] [INFO] 磁盘使用率: 正常
[1;33m[2026-06-06 23:56:16] [WARN] 进程 sshd 缺失[0m
[1;33m[2026-06-06 23:56:16] [WARN] 进程 cron 缺失[0m
[1;33m[2026-06-06 23:56:16] [WARN] 关键服务: 异常[0m
[1;33m[2026-06-06 23:56:16] [WARN] 进程 sshd 缺失[0m
[1;33m[2026-06-06 23:56:16] [WARN] 关键进程: 异常[0m
[2026-06-06 23:56:16] [INFO] 日志异常: 正常
[2026-06-06 23:56:16] [INFO] 巡逻报告已生成: ./reports/patrol_20260606_235616.md
[0;31m⚠ [23:56:16] 巡逻轮次 #8: 发现异常项！[0m
[2026-06-07 13:52:54] [INFO] --- 巡逻轮次 #1 ---
[2026-06-07 13:52:54] [INFO] 自动巡逻开始...
[2026-06-07 13:52:54] [INFO] CPU使用率: 正常
[2026-06-07 13:52:54] [INFO] 内存使用率: 正常
[2026-06-07 13:52:54] [INFO] 磁盘使用率: 正常
[2026-06-07 13:52:54] [INFO] 进程 bash 存在
[2026-06-07 13:52:54] [INFO] 进程 init 存在
[2026-06-07 13:52:54] [INFO] 关键服务: 正常
[2026-06-07 13:52:54] [INFO] 进程 bash 存在
[2026-06-07 13:52:54] [INFO] 进程 init 存在
[2026-06-07 13:52:54] [INFO] 关键进程: 正常
[2026-06-07 13:52:54] [INFO] 日志异常: 正常
[2026-06-07 13:52:54] [INFO] 巡逻报告已生成: ./reports/patrol_20260607_135254.md
[0;32m✓ [13:52:54] 巡逻轮次 #1: 系统正常[0m
[2026-06-07 14:03:12] [INFO] --- 巡逻轮次 #1 ---
[2026-06-07 14:03:12] [INFO] 自动巡逻开始...
[2026-06-07 14:03:12] [INFO] CPU使用率: 正常
[2026-06-07 14:03:12] [INFO] 内存使用率: 正常
[2026-06-07 14:03:12] [INFO] 磁盘使用率: 正常
[2026-06-07 14:03:12] [INFO] 进程 bash 存在
[2026-06-07 14:03:12] [INFO] 进程 init 存在
[2026-06-07 14:03:12] [INFO] 关键服务: 正常
[2026-06-07 14:03:12] [INFO] 进程 bash 存在
[2026-06-07 14:03:12] [INFO] 进程 init 存在
[2026-06-07 14:03:12] [INFO] 关键进程: 正常
[2026-06-07 14:03:12] [INFO] 日志异常: 正常
[2026-06-07 14:03:12] [INFO] 巡逻报告已生成: ./reports/patrol_20260607_140312.md
[0;32m✓ [14:03:12] 巡逻轮次 #1: 系统正常[0m
[2026-06-07 14:08:44] [INFO] --- 巡逻轮次 #1 ---
[2026-06-07 14:08:44] [INFO] 自动巡逻开始...
[2026-06-07 14:08:44] [INFO] CPU使用率: 正常
[2026-06-07 14:08:44] [INFO] 内存使用率: 正常
[2026-06-07 14:08:44] [INFO] 磁盘使用率: 正常
[2026-06-07 14:08:44] [INFO] 进程 bash 存在
[2026-06-07 14:08:44] [INFO] 进程 init 存在
[2026-06-07 14:08:44] [INFO] 关键服务: 正常
[2026-06-07 14:08:44] [INFO] 进程 bash 存在
[2026-06-07 14:08:44] [INFO] 进程 init 存在
[2026-06-07 14:08:44] [INFO] 关键进程: 正常
[2026-06-07 14:08:44] [INFO] 日志异常: 正常
[2026-06-07 14:08:44] [INFO] 巡逻报告已生成: ./reports/patrol_20260607_140844.md
[0;32m✓ [14:08:44] 巡逻轮次 #1: 系统正常[0m
[2026-06-13 19:44:41] [INFO] --- 巡逻轮次 #1 ---
[2026-06-13 19:44:41] [INFO] 自动巡逻开始...
[2026-06-13 19:44:41] [INFO] CPU使用率: 正常
[2026-06-13 19:44:41] [INFO] 内存使用率: 正常
[2026-06-13 19:44:41] [INFO] 磁盘使用率: 正常
[2026-06-13 19:44:41] [INFO] 进程 bash 存在
[2026-06-13 19:44:41] [INFO] 进程 init 存在
[2026-06-13 19:44:41] [INFO] 关键服务: 正常
[2026-06-13 19:44:41] [INFO] 进程 bash 存在
[2026-06-13 19:44:41] [INFO] 进程 init 存在
[2026-06-13 19:44:41] [INFO] 关键进程: 正常
[2026-06-13 19:44:41] [INFO] 日志异常: 正常
[2026-06-13 19:44:41] [INFO] 巡逻报告已生成: ./reports/patrol_20260613_194441.md
  [1;33m[自愈][0m 开始自动修复检查...
  [0;32m✓[0m 磁盘使用率 1%，无需清理
  [0;32m✓[0m 自愈检查结束，系统健康无需修复

[0;32m✓ [19:44:42] 巡逻轮次 #1: 系统正常[0m
[2026-06-13 19:49:42] [INFO] --- 巡逻轮次 #2 ---
[2026-06-13 19:49:42] [INFO] 自动巡逻开始...
[2026-06-13 19:49:42] [INFO] CPU使用率: 正常
[2026-06-13 19:49:42] [INFO] 内存使用率: 正常
[2026-06-13 19:49:42] [INFO] 磁盘使用率: 正常
[2026-06-13 19:49:42] [INFO] 进程 bash 存在
[2026-06-13 19:49:42] [INFO] 进程 init 存在
[2026-06-13 19:49:42] [INFO] 关键服务: 正常
[2026-06-13 19:49:42] [INFO] 进程 bash 存在
[2026-06-13 19:49:42] [INFO] 进程 init 存在
[2026-06-13 19:49:42] [INFO] 关键进程: 正常
[2026-06-13 19:49:42] [INFO] 日志异常: 正常
[2026-06-13 19:49:42] [INFO] 巡逻报告已生成: ./reports/patrol_20260613_194942.md
  [1;33m[自愈][0m 开始自动修复检查...
  [0;32m✓[0m 磁盘使用率 1%，无需清理
  [0;32m✓[0m 自愈检查结束，系统健康无需修复

[0;32m✓ [19:49:42] 巡逻轮次 #2: 系统正常[0m
[2026-06-13 19:54:42] [INFO] --- 巡逻轮次 #3 ---
[2026-06-13 19:54:42] [INFO] 自动巡逻开始...
[2026-06-13 19:54:42] [INFO] CPU使用率: 正常
[2026-06-13 19:54:42] [INFO] 内存使用率: 正常
[2026-06-13 19:54:42] [INFO] 磁盘使用率: 正常
[2026-06-13 19:54:42] [INFO] 进程 bash 存在
[2026-06-13 19:54:42] [INFO] 进程 init 存在
[2026-06-13 19:54:42] [INFO] 关键服务: 正常
[2026-06-13 19:54:42] [INFO] 进程 bash 存在
[2026-06-13 19:54:42] [INFO] 进程 init 存在
[2026-06-13 19:54:42] [INFO] 关键进程: 正常
[2026-06-13 19:54:42] [INFO] 日志异常: 正常
[2026-06-13 19:54:42] [INFO] 巡逻报告已生成: ./reports/patrol_20260613_195442.md
  [1;33m[自愈][0m 开始自动修复检查...
  [0;32m✓[0m 磁盘使用率 1%，无需清理
  [0;32m✓[0m 自愈检查结束，系统健康无需修复

[0;32m✓ [19:54:42] 巡逻轮次 #3: 系统正常[0m
[2026-06-13 19:59:42] [INFO] --- 巡逻轮次 #4 ---
[2026-06-13 19:59:42] [INFO] 自动巡逻开始...
[2026-06-13 19:59:42] [INFO] CPU使用率: 正常
[2026-06-13 19:59:42] [INFO] 内存使用率: 正常
[2026-06-13 19:59:42] [INFO] 磁盘使用率: 正常
[2026-06-13 19:59:42] [INFO] 进程 bash 存在
[2026-06-13 19:59:42] [INFO] 进程 init 存在
[2026-06-13 19:59:42] [INFO] 关键服务: 正常
[2026-06-13 19:59:42] [INFO] 进程 bash 存在
[2026-06-13 19:59:42] [INFO] 进程 init 存在
[2026-06-13 19:59:42] [INFO] 关键进程: 正常
[2026-06-13 19:59:42] [INFO] 日志异常: 正常
[2026-06-13 19:59:42] [INFO] 巡逻报告已生成: ./reports/patrol_20260613_195942.md
  [1;33m[自愈][0m 开始自动修复检查...
  [0;32m✓[0m 磁盘使用率 1%，无需清理
  [0;32m✓[0m 自愈检查结束，系统健康无需修复

[0;32m✓ [19:59:42] 巡逻轮次 #4: 系统正常[0m
[2026-06-13 20:04:42] [INFO] --- 巡逻轮次 #5 ---
[2026-06-13 20:04:42] [INFO] 自动巡逻开始...
[2026-06-13 20:04:43] [INFO] CPU使用率: 正常
[2026-06-13 20:04:43] [INFO] 内存使用率: 正常
[2026-06-13 20:04:43] [INFO] 磁盘使用率: 正常
[2026-06-13 20:04:43] [INFO] 进程 bash 存在
[2026-06-13 20:04:43] [INFO] 进程 init 存在
[2026-06-13 20:04:43] [INFO] 关键服务: 正常
[2026-06-13 20:04:43] [INFO] 进程 bash 存在
[2026-06-13 20:04:43] [INFO] 进程 init 存在
[2026-06-13 20:04:43] [INFO] 关键进程: 正常
[2026-06-13 20:04:43] [INFO] 日志异常: 正常
[2026-06-13 20:04:43] [INFO] 巡逻报告已生成: ./reports/patrol_20260613_200442.md
  [1;33m[自愈][0m 开始自动修复检查...
  [0;32m✓[0m 磁盘使用率 1%，无需清理
  [0;32m✓[0m 自愈检查结束，系统健康无需修复

[0;32m✓ [20:04:43] 巡逻轮次 #5: 系统正常[0m
[2026-06-13 20:09:43] [INFO] --- 巡逻轮次 #6 ---
[2026-06-13 20:09:43] [INFO] 自动巡逻开始...
[2026-06-13 20:09:43] [INFO] CPU使用率: 正常
[2026-06-13 20:09:43] [INFO] 内存使用率: 正常
[2026-06-13 20:09:43] [INFO] 磁盘使用率: 正常
[2026-06-13 20:09:43] [INFO] 进程 bash 存在
[2026-06-13 20:09:43] [INFO] 进程 init 存在
[2026-06-13 20:09:43] [INFO] 关键服务: 正常
[2026-06-13 20:09:43] [INFO] 进程 bash 存在
[2026-06-13 20:09:43] [INFO] 进程 init 存在
[2026-06-13 20:09:43] [INFO] 关键进程: 正常
[2026-06-13 20:09:43] [INFO] 日志异常: 正常
[2026-06-13 20:09:43] [INFO] 巡逻报告已生成: ./reports/patrol_20260613_200943.md
  [1;33m[自愈][0m 开始自动修复检查...
  [0;32m✓[0m 磁盘使用率 1%，无需清理
  [0;32m✓[0m 自愈检查结束，系统健康无需修复

[0;32m✓ [20:09:43] 巡逻轮次 #6: 系统正常[0m
[2026-06-13 20:14:43] [INFO] --- 巡逻轮次 #7 ---
[2026-06-13 20:14:43] [INFO] 自动巡逻开始...
[2026-06-13 20:14:43] [INFO] CPU使用率: 正常
[2026-06-13 20:14:43] [INFO] 内存使用率: 正常
[2026-06-13 20:14:43] [INFO] 磁盘使用率: 正常
[2026-06-13 20:14:43] [INFO] 进程 bash 存在
[2026-06-13 20:14:43] [INFO] 进程 init 存在
[2026-06-13 20:14:43] [INFO] 关键服务: 正常
[2026-06-13 20:14:43] [INFO] 进程 bash 存在
[2026-06-13 20:14:43] [INFO] 进程 init 存在
[2026-06-13 20:14:43] [INFO] 关键进程: 正常
[2026-06-13 20:14:43] [INFO] 日志异常: 正常
[2026-06-13 20:14:43] [INFO] 巡逻报告已生成: ./reports/patrol_20260613_201443.md
  [1;33m[自愈][0m 开始自动修复检查...
  [0;32m✓[0m 磁盘使用率 1%，无需清理
  [0;32m✓[0m 自愈检查结束，系统健康无需修复

[0;32m✓ [20:14:43] 巡逻轮次 #7: 系统正常[0m
[2026-06-13 20:19:43] [INFO] --- 巡逻轮次 #8 ---
[2026-06-13 20:19:43] [INFO] 自动巡逻开始...
[2026-06-13 20:19:43] [INFO] CPU使用率: 正常
[2026-06-13 20:19:43] [INFO] 内存使用率: 正常
[2026-06-13 20:19:43] [INFO] 磁盘使用率: 正常
[2026-06-13 20:19:43] [INFO] 进程 bash 存在
[2026-06-13 20:19:43] [INFO] 进程 init 存在
[2026-06-13 20:19:43] [INFO] 关键服务: 正常
[2026-06-13 20:19:43] [INFO] 进程 bash 存在
[2026-06-13 20:19:43] [INFO] 进程 init 存在
[2026-06-13 20:19:43] [INFO] 关键进程: 正常
[2026-06-13 20:19:43] [INFO] 日志异常: 正常
[2026-06-13 20:19:43] [INFO] 巡逻报告已生成: ./reports/patrol_20260613_201943.md
  [1;33m[自愈][0m 开始自动修复检查...
  [0;32m✓[0m 磁盘使用率 1%，无需清理
  [0;32m✓[0m 自愈检查结束，系统健康无需修复

[0;32m✓ [20:19:43] 巡逻轮次 #8: 系统正常[0m
[2026-06-13 20:24:43] [INFO] --- 巡逻轮次 #9 ---
[2026-06-13 20:24:43] [INFO] 自动巡逻开始...
[2026-06-13 20:24:44] [INFO] CPU使用率: 正常
[2026-06-13 20:24:44] [INFO] 内存使用率: 正常
[2026-06-13 20:24:44] [INFO] 磁盘使用率: 正常
[2026-06-13 20:24:44] [INFO] 进程 bash 存在
[2026-06-13 20:24:44] [INFO] 进程 init 存在
[2026-06-13 20:24:44] [INFO] 关键服务: 正常
[2026-06-13 20:24:44] [INFO] 进程 bash 存在
[2026-06-13 20:24:44] [INFO] 进程 init 存在
[2026-06-13 20:24:44] [INFO] 关键进程: 正常
[2026-06-13 20:24:44] [INFO] 日志异常: 正常
[2026-06-13 20:24:44] [INFO] 巡逻报告已生成: ./reports/patrol_20260613_202443.md
  [1;33m[自愈][0m 开始自动修复检查...
  [0;32m✓[0m 磁盘使用率 1%，无需清理
  [0;32m✓[0m 自愈检查结束，系统健康无需修复

[0;32m✓ [20:24:44] 巡逻轮次 #9: 系统正常[0m
[2026-06-13 20:26:31] [INFO] --- 巡逻轮次 #1 ---
[2026-06-13 20:26:31] [INFO] 自动巡逻开始...
[2026-06-13 20:26:31] [INFO] CPU使用率: 正常
[2026-06-13 20:26:31] [INFO] 内存使用率: 正常
[2026-06-13 20:26:31] [INFO] 磁盘使用率: 正常
[2026-06-13 20:26:31] [INFO] 进程 bash 存在
[2026-06-13 20:26:31] [INFO] 进程 init 存在
[2026-06-13 20:26:31] [INFO] 关键服务: 正常
[2026-06-13 20:26:31] [INFO] 进程 bash 存在
[2026-06-13 20:26:31] [INFO] 进程 init 存在
[2026-06-13 20:26:31] [INFO] 关键进程: 正常
[2026-06-13 20:26:31] [INFO] 日志异常: 正常
[2026-06-13 20:26:31] [INFO] 巡逻报告已生成: ./reports/patrol_20260613_202631.md
  [1;33m[自愈][0m 开始自动修复检查...
  [0;32m✓[0m 磁盘使用率 1%，无需清理
  [0;32m✓[0m 自愈检查结束，系统健康无需修复

[0;32m✓ [20:26:31] 巡逻轮次 #1: 系统正常[0m
[2026-06-13 20:29:04] [INFO] --- 巡逻轮次 #1 ---
[2026-06-13 20:29:04] [INFO] 自动巡逻开始...
[2026-06-13 20:29:05] [INFO] CPU使用率: 正常
[2026-06-13 20:29:05] [INFO] 内存使用率: 正常
[2026-06-13 20:29:05] [INFO] 磁盘使用率: 正常
[2026-06-13 20:29:05] [INFO] 进程 bash 存在
[2026-06-13 20:29:05] [INFO] 进程 init 存在
[2026-06-13 20:29:05] [INFO] 关键服务: 正常
[2026-06-13 20:29:05] [INFO] 进程 bash 存在
[2026-06-13 20:29:05] [INFO] 进程 init 存在
[2026-06-13 20:29:05] [INFO] 关键进程: 正常
[2026-06-13 20:29:05] [INFO] 日志异常: 正常
[2026-06-13 20:29:05] [INFO] 巡逻报告已生成: ./reports/patrol_20260613_202904.md
  [1;33m[自愈][0m 开始自动修复检查...
  [0;32m✓[0m 磁盘使用率 1%，无需清理
  [0;32m✓[0m 自愈检查结束，系统健康无需修复

[0;32m✓ [20:29:05] 巡逻轮次 #1: 系统正常[0m
[2026-06-13 20:29:44] [INFO] --- 巡逻轮次 #10 ---
[2026-06-13 20:29:44] [INFO] 自动巡逻开始...
[2026-06-13 20:29:44] [INFO] CPU使用率: 正常
[2026-06-13 20:29:44] [INFO] 内存使用率: 正常
[2026-06-13 20:29:44] [INFO] 磁盘使用率: 正常
[2026-06-13 20:29:44] [INFO] 进程 bash 存在
[2026-06-13 20:29:44] [INFO] 进程 init 存在
[2026-06-13 20:29:44] [INFO] 关键服务: 正常
[2026-06-13 20:29:44] [INFO] 进程 bash 存在
[2026-06-13 20:29:44] [INFO] 进程 init 存在
[2026-06-13 20:29:44] [INFO] 关键进程: 正常
[2026-06-13 20:29:44] [INFO] 日志异常: 正常
[2026-06-13 20:29:44] [INFO] 巡逻报告已生成: ./reports/patrol_20260613_202944.md
  [1;33m[自愈][0m 开始自动修复检查...
  [0;32m✓[0m 磁盘使用率 1%，无需清理
  [0;32m✓[0m 自愈检查结束，系统健康无需修复

[0;32m✓ [20:29:44] 巡逻轮次 #10: 系统正常[0m
[2026-06-13 20:32:48] [INFO] --- 巡逻轮次 #1 ---
[2026-06-13 20:32:48] [INFO] 自动巡逻开始...
[2026-06-13 20:32:48] [INFO] CPU使用率: 正常
[2026-06-13 20:32:48] [INFO] 内存使用率: 正常
[2026-06-13 20:32:48] [INFO] 磁盘使用率: 正常
[2026-06-13 20:32:48] [INFO] 进程 bash 存在
[2026-06-13 20:32:48] [INFO] 进程 init 存在
[2026-06-13 20:32:48] [INFO] 关键服务: 正常
[2026-06-13 20:32:48] [INFO] 进程 bash 存在
[2026-06-13 20:32:48] [INFO] 进程 init 存在
[2026-06-13 20:32:48] [INFO] 关键进程: 正常
[2026-06-13 20:32:48] [INFO] 日志异常: 正常
[2026-06-13 20:32:48] [INFO] 巡逻报告已生成: ./reports/patrol_20260613_203248.md
  [1;33m[自愈][0m 开始自动修复检查...
  [0;32m✓[0m 磁盘使用率 1%，无需清理
  [0;32m✓[0m 自愈检查结束，系统健康无需修复

[0;32m✓ [20:32:48] 巡逻轮次 #1: 系统正常[0m
[2026-06-13 20:34:44] [INFO] --- 巡逻轮次 #11 ---
[2026-06-13 20:34:44] [INFO] 自动巡逻开始...
[2026-06-13 20:34:44] [INFO] CPU使用率: 正常
[2026-06-13 20:34:44] [INFO] 内存使用率: 正常
[2026-06-13 20:34:44] [INFO] 磁盘使用率: 正常
[2026-06-13 20:34:44] [INFO] 进程 bash 存在
[2026-06-13 20:34:44] [INFO] 进程 init 存在
[2026-06-13 20:34:44] [INFO] 关键服务: 正常
[2026-06-13 20:34:44] [INFO] 进程 bash 存在
[2026-06-13 20:34:44] [INFO] 进程 init 存在
[2026-06-13 20:34:44] [INFO] 关键进程: 正常
[2026-06-13 20:34:44] [INFO] 日志异常: 正常
[2026-06-13 20:34:44] [INFO] 巡逻报告已生成: ./reports/patrol_20260613_203444.md
  [1;33m[自愈][0m 开始自动修复检查...
  [0;32m✓[0m 磁盘使用率 1%，无需清理
  [0;32m✓[0m 自愈检查结束，系统健康无需修复

[0;32m✓ [20:34:44] 巡逻轮次 #11: 系统正常[0m
[2026-06-13 20:39:44] [INFO] --- 巡逻轮次 #12 ---
[2026-06-13 20:39:44] [INFO] 自动巡逻开始...
[2026-06-13 20:39:44] [INFO] CPU使用率: 正常
[2026-06-13 20:39:44] [INFO] 内存使用率: 正常
[2026-06-13 20:39:44] [INFO] 磁盘使用率: 正常
[2026-06-13 20:39:44] [INFO] 进程 bash 存在
[2026-06-13 20:39:44] [INFO] 进程 init 存在
[2026-06-13 20:39:44] [INFO] 关键服务: 正常
[2026-06-13 20:39:45] [INFO] 进程 bash 存在
[2026-06-13 20:39:45] [INFO] 进程 init 存在
[2026-06-13 20:39:45] [INFO] 关键进程: 正常
[2026-06-13 20:39:45] [INFO] 日志异常: 正常
[2026-06-13 20:39:45] [INFO] 巡逻报告已生成: ./reports/patrol_20260613_203944.md
  [1;33m[自愈][0m 开始自动修复检查...
  [0;32m✓[0m 磁盘使用率 1%，无需清理
  [0;32m✓[0m 自愈检查结束，系统健康无需修复

[0;32m✓ [20:39:45] 巡逻轮次 #12: 系统正常[0m
[2026-06-13 20:46:20] [INFO] --- 巡逻轮次 #1 ---
[2026-06-13 20:46:20] [INFO] 自动巡逻开始...
[2026-06-13 20:46:20] [INFO] CPU使用率: 正常
[2026-06-13 20:46:20] [INFO] 内存使用率: 正常
[2026-06-13 20:46:20] [INFO] 磁盘使用率: 正常
[2026-06-13 20:46:20] [INFO] 进程 bash 存在
[2026-06-13 20:46:20] [INFO] 进程 init 存在
[2026-06-13 20:46:20] [INFO] 关键服务: 正常
[2026-06-13 20:46:20] [INFO] 进程 bash 存在
[2026-06-13 20:46:20] [INFO] 进程 init 存在
[2026-06-13 20:46:20] [INFO] 关键进程: 正常
[2026-06-13 20:46:20] [INFO] 日志异常: 正常
[2026-06-13 20:46:20] [INFO] 巡逻报告已生成: ./reports/patrol_20260613_204620.md
  [1;33m[自愈][0m 开始自动修复检查...
  [0;32m✓[0m 磁盘使用率 1%，无需清理
  [0;32m✓[0m 自愈检查结束，系统健康无需修复

[0;32m✓ [20:46:20] 巡逻轮次 #1: 系统正常[0m
[2026-06-13 20:49:36] [INFO] --- 巡逻轮次 #1 ---
[2026-06-13 20:49:36] [INFO] 自动巡逻开始...
[2026-06-13 20:49:37] [INFO] CPU使用率: 正常
[2026-06-13 20:49:37] [INFO] 内存使用率: 正常
[2026-06-13 20:49:37] [INFO] 磁盘使用率: 正常
[2026-06-13 20:49:37] [INFO] 进程 bash 存在
[2026-06-13 20:49:37] [INFO] 进程 init 存在
[2026-06-13 20:49:37] [INFO] 关键服务: 正常
[2026-06-13 20:49:37] [INFO] 进程 bash 存在
[2026-06-13 20:49:37] [INFO] 进程 init 存在
[2026-06-13 20:49:37] [INFO] 关键进程: 正常
[2026-06-13 20:49:37] [INFO] 日志异常: 正常
[2026-06-13 20:49:37] [INFO] 巡逻报告已生成: ./reports/patrol_20260613_204936.md
  [1;33m[自愈][0m 开始自动修复检查...
  [0;32m✓[0m 磁盘使用率 1%，无需清理
  [0;32m✓[0m 自愈检查结束，系统健康无需修复

[0;32m✓ [20:49:37] 巡逻轮次 #1: 系统正常[0m
[2026-06-13 20:50:40] [INFO] --- 巡逻轮次 #1 ---
[2026-06-13 20:50:40] [INFO] 自动巡逻开始...
[2026-06-13 20:50:41] [INFO] CPU使用率: 正常
[2026-06-13 20:50:41] [INFO] 内存使用率: 正常
[2026-06-13 20:50:41] [INFO] 磁盘使用率: 正常
[2026-06-13 20:50:41] [INFO] 进程 bash 存在
[2026-06-13 20:50:41] [INFO] 进程 init 存在
[2026-06-13 20:50:41] [INFO] 关键服务: 正常
[2026-06-13 20:50:41] [INFO] 进程 bash 存在
[2026-06-13 20:50:41] [INFO] 进程 init 存在
[2026-06-13 20:50:41] [INFO] 关键进程: 正常
[2026-06-13 20:50:41] [INFO] 日志异常: 正常
[2026-06-13 20:50:41] [INFO] 巡逻报告已生成: ./reports/patrol_20260613_205040.md
  [1;33m[自愈][0m 开始自动修复检查...
  [0;32m✓[0m 磁盘使用率 1%，无需清理
  [0;32m✓[0m 自愈检查结束，系统健康无需修复

[0;32m✓ [20:50:41] 巡逻轮次 #1: 系统正常[0m
[2026-06-13 20:55:02] [INFO] --- 巡逻轮次 #1 ---
[2026-06-13 20:55:02] [INFO] 自动巡逻开始...
[2026-06-13 20:55:02] [INFO] CPU使用率: 正常
[2026-06-13 20:55:02] [INFO] 内存使用率: 正常
[2026-06-13 20:55:02] [INFO] 磁盘使用率: 正常
[2026-06-13 20:55:02] [INFO] 进程 bash 存在
[2026-06-13 20:55:02] [INFO] 进程 init 存在
[2026-06-13 20:55:02] [INFO] 关键服务: 正常
[2026-06-13 20:55:02] [INFO] 进程 bash 存在
[2026-06-13 20:55:02] [INFO] 进程 init 存在
[2026-06-13 20:55:02] [INFO] 关键进程: 正常
[2026-06-13 20:55:02] [INFO] 日志异常: 正常
[2026-06-13 20:55:02] [INFO] 巡逻报告已生成: ./reports/patrol_20260613_205502.md
  [1;33m[自愈][0m 开始自动修复检查...
  [0;32m✓[0m 磁盘使用率 1%，无需清理
  [0;32m✓[0m 自愈检查结束，系统健康无需修复

[0;32m✓ [20:55:02] 巡逻轮次 #1: 系统正常[0m
[2026-06-13 20:57:28] [INFO] --- 巡逻轮次 #1 ---
[2026-06-13 20:57:28] [INFO] 自动巡逻开始...
[2026-06-13 20:57:28] [INFO] CPU使用率: 正常
[2026-06-13 20:57:28] [INFO] 内存使用率: 正常
[2026-06-13 20:57:28] [INFO] 磁盘使用率: 正常
[2026-06-13 20:57:28] [INFO] 进程 bash 存在
[2026-06-13 20:57:28] [INFO] 进程 init 存在
[2026-06-13 20:57:28] [INFO] 关键服务: 正常
[2026-06-13 20:57:28] [INFO] 进程 bash 存在
[2026-06-13 20:57:28] [INFO] 进程 init 存在
[2026-06-13 20:57:28] [INFO] 关键进程: 正常
[2026-06-13 20:57:28] [INFO] 日志异常: 正常
[2026-06-13 20:57:28] [INFO] 巡逻报告已生成: ./reports/patrol_20260613_205728.md
  [1;33m[自愈][0m 开始自动修复检查...
  [0;32m✓[0m 磁盘使用率 1%，无需清理
  [0;32m✓[0m 自愈检查结束，系统健康无需修复

[0;32m✓ [20:57:28] 巡逻轮次 #1: 系统正常[0m
[2026-06-13 21:00:31] [INFO] --- 巡逻轮次 #1 ---
[2026-06-13 21:00:31] [INFO] 自动巡逻开始...
[2026-06-13 21:00:32] [INFO] CPU使用率: 正常
[2026-06-13 21:00:32] [INFO] 内存使用率: 正常
[2026-06-13 21:00:32] [INFO] 磁盘使用率: 正常
[2026-06-13 21:00:32] [INFO] 进程 bash 存在
[2026-06-13 21:00:32] [INFO] 进程 init 存在
[2026-06-13 21:00:32] [INFO] 关键服务: 正常
[2026-06-13 21:00:32] [INFO] 进程 bash 存在
[2026-06-13 21:00:32] [INFO] 进程 init 存在
[2026-06-13 21:00:32] [INFO] 关键进程: 正常
[2026-06-13 21:00:32] [INFO] 日志异常: 正常
[2026-06-13 21:00:32] [INFO] 巡逻报告已生成: ./reports/patrol_20260613_210031.md
  [1;33m[自愈][0m 开始自动修复检查...
  [0;32m✓[0m 磁盘使用率 1%，无需清理
  [0;32m✓[0m 自愈检查结束，系统健康无需修复

[0;32m✓ [21:00:32] 巡逻轮次 #1: 系统正常[0m
[2026-06-13 21:20:16] [INFO] --- 巡逻轮次 #1 ---
[2026-06-13 21:20:16] [INFO] 自动巡逻开始...
[2026-06-13 21:20:16] [INFO] CPU使用率: 正常
[2026-06-13 21:20:16] [INFO] 内存使用率: 正常
[2026-06-13 21:20:16] [INFO] 磁盘使用率: 正常
[2026-06-13 21:20:16] [INFO] 进程 bash 存在
[2026-06-13 21:20:16] [INFO] 进程 init 存在
[2026-06-13 21:20:16] [INFO] 关键服务: 正常
[2026-06-13 21:20:16] [INFO] 进程 bash 存在
[2026-06-13 21:20:16] [INFO] 进程 init 存在
[2026-06-13 21:20:16] [INFO] 关键进程: 正常
[2026-06-13 21:20:16] [INFO] 日志异常: 正常
[2026-06-13 21:20:16] [INFO] 巡逻报告已生成: ./reports/patrol_20260613_212016.md
  [1;33m[自愈][0m 开始自动修复检查...
  [0;32m✓[0m 磁盘使用率 1%，无需清理
  [0;32m✓[0m 自愈检查结束，系统健康无需修复

[0;32m✓ [21:20:16] 巡逻轮次 #1: 系统正常[0m
[2026-06-13 21:25:16] [INFO] --- 巡逻轮次 #2 ---
[2026-06-13 21:25:16] [INFO] 自动巡逻开始...
[2026-06-13 21:25:16] [INFO] CPU使用率: 正常
[2026-06-13 21:25:16] [INFO] 内存使用率: 正常
[2026-06-13 21:25:16] [INFO] 磁盘使用率: 正常
[2026-06-13 21:25:16] [INFO] 进程 bash 存在
[2026-06-13 21:25:16] [INFO] 进程 init 存在
[2026-06-13 21:25:16] [INFO] 关键服务: 正常
[2026-06-13 21:25:16] [INFO] 进程 bash 存在
[2026-06-13 21:25:16] [INFO] 进程 init 存在
[2026-06-13 21:25:16] [INFO] 关键进程: 正常
[2026-06-13 21:25:16] [INFO] 日志异常: 正常
[2026-06-13 21:25:16] [INFO] 巡逻报告已生成: ./reports/patrol_20260613_212516.md
  [1;33m[自愈][0m 开始自动修复检查...
  [0;32m✓[0m 磁盘使用率 1%，无需清理
  [0;32m✓[0m 自愈检查结束，系统健康无需修复

[0;32m✓ [21:25:16] 巡逻轮次 #2: 系统正常[0m
[2026-06-13 21:30:16] [INFO] --- 巡逻轮次 #3 ---
[2026-06-13 21:30:16] [INFO] 自动巡逻开始...
[2026-06-13 21:30:16] [INFO] CPU使用率: 正常
[2026-06-13 21:30:16] [INFO] 内存使用率: 正常
[2026-06-13 21:30:16] [INFO] 磁盘使用率: 正常
[2026-06-13 21:30:16] [INFO] 进程 bash 存在
[2026-06-13 21:30:16] [INFO] 进程 init 存在
[2026-06-13 21:30:16] [INFO] 关键服务: 正常
[2026-06-13 21:30:16] [INFO] 进程 bash 存在
[2026-06-13 21:30:16] [INFO] 进程 init 存在
[2026-06-13 21:30:16] [INFO] 关键进程: 正常
[2026-06-13 21:30:16] [INFO] 日志异常: 正常
[2026-06-13 21:30:16] [INFO] 巡逻报告已生成: ./reports/patrol_20260613_213016.md
  [1;33m[自愈][0m 开始自动修复检查...
  [0;32m✓[0m 磁盘使用率 1%，无需清理
  [0;32m✓[0m 自愈检查结束，系统健康无需修复

[0;32m✓ [21:30:16] 巡逻轮次 #3: 系统正常[0m
[2026-06-13 21:35:16] [INFO] --- 巡逻轮次 #4 ---
[2026-06-13 21:35:16] [INFO] 自动巡逻开始...
[2026-06-13 21:35:17] [INFO] CPU使用率: 正常
[2026-06-13 21:35:17] [INFO] 内存使用率: 正常
[2026-06-13 21:35:17] [INFO] 磁盘使用率: 正常
[2026-06-13 21:35:17] [INFO] 进程 bash 存在
[2026-06-13 21:35:17] [INFO] 进程 init 存在
[2026-06-13 21:35:17] [INFO] 关键服务: 正常
[2026-06-13 21:35:17] [INFO] 进程 bash 存在
[2026-06-13 21:35:17] [INFO] 进程 init 存在
[2026-06-13 21:35:17] [INFO] 关键进程: 正常
[2026-06-13 21:35:17] [INFO] 日志异常: 正常
[2026-06-13 21:35:17] [INFO] 巡逻报告已生成: ./reports/patrol_20260613_213516.md
  [1;33m[自愈][0m 开始自动修复检查...
  [0;32m✓[0m 磁盘使用率 1%，无需清理
  [0;32m✓[0m 自愈检查结束，系统健康无需修复

[0;32m✓ [21:35:17] 巡逻轮次 #4: 系统正常[0m
[2026-06-13 21:40:17] [INFO] --- 巡逻轮次 #5 ---
[2026-06-13 21:40:17] [INFO] 自动巡逻开始...
[2026-06-13 21:40:17] [INFO] CPU使用率: 正常
[2026-06-13 21:40:17] [INFO] 内存使用率: 正常
[2026-06-13 21:40:17] [INFO] 磁盘使用率: 正常
[2026-06-13 21:40:17] [INFO] 进程 bash 存在
[2026-06-13 21:40:17] [INFO] 进程 init 存在
[2026-06-13 21:40:17] [INFO] 关键服务: 正常
[2026-06-13 21:40:17] [INFO] 进程 bash 存在
[2026-06-13 21:40:17] [INFO] 进程 init 存在
[2026-06-13 21:40:17] [INFO] 关键进程: 正常
[2026-06-13 21:40:17] [INFO] 日志异常: 正常
[2026-06-13 21:40:17] [INFO] 巡逻报告已生成: ./reports/patrol_20260613_214017.md
  [1;33m[自愈][0m 开始自动修复检查...
  [0;32m✓[0m 磁盘使用率 1%，无需清理
  [0;32m✓[0m 自愈检查结束，系统健康无需修复

[0;32m✓ [21:40:17] 巡逻轮次 #5: 系统正常[0m
[2026-06-13 21:45:17] [INFO] --- 巡逻轮次 #6 ---
[2026-06-13 21:45:17] [INFO] 自动巡逻开始...
[2026-06-13 21:45:17] [INFO] CPU使用率: 正常
[2026-06-13 21:45:17] [INFO] 内存使用率: 正常
[2026-06-13 21:45:17] [INFO] 磁盘使用率: 正常
[2026-06-13 21:45:17] [INFO] 进程 bash 存在
[2026-06-13 21:45:17] [INFO] 进程 init 存在
[2026-06-13 21:45:17] [INFO] 关键服务: 正常
[2026-06-13 21:45:17] [INFO] 进程 bash 存在
[2026-06-13 21:45:17] [INFO] 进程 init 存在
[2026-06-13 21:45:17] [INFO] 关键进程: 正常
[2026-06-13 21:45:17] [INFO] 日志异常: 正常
[2026-06-13 21:45:17] [INFO] 巡逻报告已生成: ./reports/patrol_20260613_214517.md
  [1;33m[自愈][0m 开始自动修复检查...
  [0;32m✓[0m 磁盘使用率 1%，无需清理
  [0;32m✓[0m 自愈检查结束，系统健康无需修复

[0;32m✓ [21:45:17] 巡逻轮次 #6: 系统正常[0m
[2026-06-13 21:50:17] [INFO] --- 巡逻轮次 #7 ---
[2026-06-13 21:50:17] [INFO] 自动巡逻开始...
[2026-06-13 21:50:17] [INFO] CPU使用率: 正常
[2026-06-13 21:50:17] [INFO] 内存使用率: 正常
[2026-06-13 21:50:17] [INFO] 磁盘使用率: 正常
[2026-06-13 21:50:17] [INFO] 进程 bash 存在
[2026-06-13 21:50:17] [INFO] 进程 init 存在
[2026-06-13 21:50:17] [INFO] 关键服务: 正常
[2026-06-13 21:50:17] [INFO] 进程 bash 存在
[2026-06-13 21:50:17] [INFO] 进程 init 存在
[2026-06-13 21:50:18] [INFO] 关键进程: 正常
[2026-06-13 21:50:18] [INFO] 日志异常: 正常
[2026-06-13 21:50:18] [INFO] 巡逻报告已生成: ./reports/patrol_20260613_215017.md
  [1;33m[自愈][0m 开始自动修复检查...
  [0;32m✓[0m 磁盘使用率 1%，无需清理
  [0;32m✓[0m 自愈检查结束，系统健康无需修复

[0;32m✓ [21:50:18] 巡逻轮次 #7: 系统正常[0m
[2026-06-13 21:55:18] [INFO] --- 巡逻轮次 #8 ---
[2026-06-13 21:55:18] [INFO] 自动巡逻开始...
[2026-06-13 21:55:18] [INFO] CPU使用率: 正常
[2026-06-13 21:55:18] [INFO] 内存使用率: 正常
[2026-06-13 21:55:18] [INFO] 磁盘使用率: 正常
[2026-06-13 21:55:18] [INFO] 进程 bash 存在
[2026-06-13 21:55:18] [INFO] 进程 init 存在
[2026-06-13 21:55:18] [INFO] 关键服务: 正常
[2026-06-13 21:55:18] [INFO] 进程 bash 存在
[2026-06-13 21:55:18] [INFO] 进程 init 存在
[2026-06-13 21:55:18] [INFO] 关键进程: 正常
[2026-06-13 21:55:18] [INFO] 日志异常: 正常
[2026-06-13 21:55:18] [INFO] 巡逻报告已生成: ./reports/patrol_20260613_215518.md
  [1;33m[自愈][0m 开始自动修复检查...
  [0;32m✓[0m 磁盘使用率 1%，无需清理
  [0;32m✓[0m 自愈检查结束，系统健康无需修复

[0;32m✓ [21:55:18] 巡逻轮次 #8: 系统正常[0m
[2026-06-13 22:00:18] [INFO] --- 巡逻轮次 #9 ---
[2026-06-13 22:00:18] [INFO] 自动巡逻开始...
[2026-06-13 22:00:18] [INFO] CPU使用率: 正常
[2026-06-13 22:00:18] [INFO] 内存使用率: 正常
[2026-06-13 22:00:18] [INFO] 磁盘使用率: 正常
[2026-06-13 22:00:18] [INFO] 进程 bash 存在
[2026-06-13 22:00:18] [INFO] 进程 init 存在
[2026-06-13 22:00:18] [INFO] 关键服务: 正常
[2026-06-13 22:00:18] [INFO] 进程 bash 存在
[2026-06-13 22:00:18] [INFO] 进程 init 存在
[2026-06-13 22:00:18] [INFO] 关键进程: 正常
[2026-06-13 22:00:18] [INFO] 日志异常: 正常
[2026-06-13 22:00:18] [INFO] 巡逻报告已生成: ./reports/patrol_20260613_220018.md
  [1;33m[自愈][0m 开始自动修复检查...
  [0;32m✓[0m 磁盘使用率 1%，无需清理
  [0;32m✓[0m 自愈检查结束，系统健康无需修复

[0;32m✓ [22:00:18] 巡逻轮次 #9: 系统正常[0m
[2026-06-13 22:04:48] [INFO] --- 巡逻轮次 #1 ---
[2026-06-13 22:04:48] [INFO] 自动巡逻开始...
[2026-06-13 22:04:48] [INFO] CPU使用率: 正常
[2026-06-13 22:04:48] [INFO] 内存使用率: 正常
[2026-06-13 22:04:48] [INFO] 磁盘使用率: 正常
[2026-06-13 22:04:48] [INFO] 进程 bash 存在
[2026-06-13 22:04:48] [INFO] 进程 init 存在
[2026-06-13 22:04:48] [INFO] 关键服务: 正常
[2026-06-13 22:04:48] [INFO] 进程 bash 存在
[2026-06-13 22:04:48] [INFO] 进程 init 存在
[2026-06-13 22:04:48] [INFO] 关键进程: 正常
[2026-06-13 22:04:48] [INFO] 日志异常: 正常
[2026-06-13 22:04:48] [INFO] 巡逻报告已生成: ./reports/patrol_20260613_220448.md
  [1;33m[自愈][0m 开始自动修复检查...
  [0;32m✓[0m 磁盘使用率 1%，无需清理
  [0;32m✓[0m 自愈检查结束，系统健康无需修复

[0;32m✓ [22:04:48] 巡逻轮次 #1: 系统正常[0m
[2026-06-13 22:05:18] [INFO] --- 巡逻轮次 #10 ---
[2026-06-13 22:05:18] [INFO] 自动巡逻开始...
[2026-06-13 22:05:18] [INFO] CPU使用率: 正常
[2026-06-13 22:05:18] [INFO] 内存使用率: 正常
[2026-06-13 22:05:18] [INFO] 磁盘使用率: 正常
[2026-06-13 22:05:18] [INFO] 进程 bash 存在
[2026-06-13 22:05:18] [INFO] 进程 init 存在
[2026-06-13 22:05:18] [INFO] 关键服务: 正常
[2026-06-13 22:05:18] [INFO] 进程 bash 存在
[2026-06-13 22:05:18] [INFO] 进程 init 存在
[2026-06-13 22:05:18] [INFO] 关键进程: 正常
[2026-06-13 22:05:18] [INFO] 日志异常: 正常
[2026-06-13 22:05:18] [INFO] 巡逻报告已生成: ./reports/patrol_20260613_220518.md
  [1;33m[自愈][0m 开始自动修复检查...
  [0;32m✓[0m 磁盘使用率 1%，无需清理
  [0;32m✓[0m 自愈检查结束，系统健康无需修复

[0;32m✓ [22:05:18] 巡逻轮次 #10: 系统正常[0m
[2026-06-13 22:10:18] [INFO] --- 巡逻轮次 #11 ---
[2026-06-13 22:10:18] [INFO] 自动巡逻开始...
[2026-06-13 22:10:19] [INFO] CPU使用率: 正常
[2026-06-13 22:10:19] [INFO] 内存使用率: 正常
[2026-06-13 22:10:19] [INFO] 磁盘使用率: 正常
[2026-06-13 22:10:19] [INFO] 进程 bash 存在
[2026-06-13 22:10:19] [INFO] 进程 init 存在
[2026-06-13 22:10:19] [INFO] 关键服务: 正常
[2026-06-13 22:10:19] [INFO] 进程 bash 存在
[2026-06-13 22:10:19] [INFO] 进程 init 存在
[2026-06-13 22:10:19] [INFO] 关键进程: 正常
[2026-06-13 22:10:19] [INFO] 日志异常: 正常
[2026-06-13 22:10:19] [INFO] 巡逻报告已生成: ./reports/patrol_20260613_221018.md
  [1;33m[自愈][0m 开始自动修复检查...
  [0;32m✓[0m 磁盘使用率 1%，无需清理
  [0;32m✓[0m 自愈检查结束，系统健康无需修复

[0;32m✓ [22:10:19] 巡逻轮次 #11: 系统正常[0m
[2026-06-13 22:15:19] [INFO] --- 巡逻轮次 #12 ---
[2026-06-13 22:15:19] [INFO] 自动巡逻开始...
[2026-06-13 22:15:19] [INFO] CPU使用率: 正常
[2026-06-13 22:15:19] [INFO] 内存使用率: 正常
[2026-06-13 22:15:19] [INFO] 磁盘使用率: 正常
[2026-06-13 22:15:19] [INFO] 进程 bash 存在
[2026-06-13 22:15:19] [INFO] 进程 init 存在
[2026-06-13 22:15:19] [INFO] 关键服务: 正常
[2026-06-13 22:15:19] [INFO] 进程 bash 存在
[2026-06-13 22:15:19] [INFO] 进程 init 存在
[2026-06-13 22:15:19] [INFO] 关键进程: 正常
[2026-06-13 22:15:19] [INFO] 日志异常: 正常
[2026-06-13 22:15:19] [INFO] 巡逻报告已生成: ./reports/patrol_20260613_221519.md
  [1;33m[自愈][0m 开始自动修复检查...
  [0;32m✓[0m 磁盘使用率 1%，无需清理
  [0;32m✓[0m 自愈检查结束，系统健康无需修复

[0;32m✓ [22:15:19] 巡逻轮次 #12: 系统正常[0m
[2026-06-13 22:20:19] [INFO] --- 巡逻轮次 #13 ---
[2026-06-13 22:20:19] [INFO] 自动巡逻开始...
[2026-06-13 22:20:19] [INFO] CPU使用率: 正常
[2026-06-13 22:20:19] [INFO] 内存使用率: 正常
[2026-06-13 22:20:19] [INFO] 磁盘使用率: 正常
[2026-06-13 22:20:19] [INFO] 进程 bash 存在
[2026-06-13 22:20:19] [INFO] 进程 init 存在
[2026-06-13 22:20:19] [INFO] 关键服务: 正常
[2026-06-13 22:20:19] [INFO] 进程 bash 存在
[2026-06-13 22:20:19] [INFO] 进程 init 存在
[2026-06-13 22:20:19] [INFO] 关键进程: 正常
[2026-06-13 22:20:19] [INFO] 日志异常: 正常
[2026-06-13 22:20:19] [INFO] 巡逻报告已生成: ./reports/patrol_20260613_222019.md
  [1;33m[自愈][0m 开始自动修复检查...
  [0;32m✓[0m 磁盘使用率 1%，无需清理
  [0;32m✓[0m 自愈检查结束，系统健康无需修复

[0;32m✓ [22:20:19] 巡逻轮次 #13: 系统正常[0m
[2026-06-13 22:25:19] [INFO] --- 巡逻轮次 #14 ---
[2026-06-13 22:25:19] [INFO] 自动巡逻开始...
[2026-06-13 22:25:19] [INFO] CPU使用率: 正常
[2026-06-13 22:25:19] [INFO] 内存使用率: 正常
[2026-06-13 22:25:19] [INFO] 磁盘使用率: 正常
[2026-06-13 22:25:19] [INFO] 进程 bash 存在
[2026-06-13 22:25:19] [INFO] 进程 init 存在
[2026-06-13 22:25:19] [INFO] 关键服务: 正常
[2026-06-13 22:25:19] [INFO] 进程 bash 存在
[2026-06-13 22:25:19] [INFO] 进程 init 存在
[2026-06-13 22:25:19] [INFO] 关键进程: 正常
[2026-06-13 22:25:19] [INFO] 日志异常: 正常
[2026-06-13 22:25:19] [INFO] 巡逻报告已生成: ./reports/patrol_20260613_222519.md
  [1;33m[自愈][0m 开始自动修复检查...
  [0;32m✓[0m 磁盘使用率 1%，无需清理
  [0;32m✓[0m 自愈检查结束，系统健康无需修复

[0;32m✓ [22:25:19] 巡逻轮次 #14: 系统正常[0m
